Warning: system and difference GMMs do not work well on long (T>=N) panel data
 Dynamic panel-data estimation, two-step difference GMM
 Group variable: Region                           Number of obs = 6000     
 Time variable: Date                              Min obs per group: 80    
 Number of instruments = 13                       Max obs per group: 80    
 Number of groups = 75                            Avg obs per group: 80.00 
+----------------------------+------------+---------------------+-------------+-----------+-----+
|        Int_Rate_FL         |   coef.    | Corrected Std. Err. |      z      |   P>|z|   |     |
+----------------------------+------------+---------------------+-------------+-----------+-----+
|       L1.Int_Rate_FL       | 0.6225044  |      0.0205726      |  30.2589307 | 0.0000000 | *** |
|           Zakred           | -0.1070203 |      0.0070096      | -15.2675977 | 0.0000000 | *** |
|          CPI_reg           | 0.2483169  |      0.0132014      |  18.8098706 | 0.0000000 | *** |
|       Cap_to_assets        | -1.1618686 |      0.1517319      |  -7.6573785 | 0.0000000 | *** |
|         Mon_Shock          | -0.1247553 |      0.0128668      |  -9.6958844 | 0.0000000 | *** |
| Mon_Shock_Cluster_new_cd_1 | 0.0691611  |      0.0250969      |  2.7557584  | 0.0058556 |  ** |
| Mon_Shock_Cluster_new_cd_3 | -0.0563995 |      0.0437687      |  -1.2885796 | 0.1975443 |     |
| Mon_Shock_Cluster_new_cd_4 | -0.0109230 |      0.0489111      |  -0.2233236 | 0.8232837 |     |
|          MaP_Fact          | 0.6345040  |      0.0493025      |  12.8696130 | 0.0000000 | *** |
+----------------------------+------------+---------------------+-------------+-----------+-----+
Hansen test of overid. restrictions: chi(4) = 62.255 Prob > Chi2 = 0.000
Arellano-Bond test for AR(1) in first differences: z = -7.12 Pr > z =0.000
Arellano-Bond test for AR(2) in first differences: z = 1.29 Pr > z =0.199

