Warning: system and difference GMMs do not work well on long (T>=N) panel data
 Dynamic panel-data estimation, two-step difference GMM
 Group variable: Region                           Number of obs = 6000     
 Time variable: Date                              Min obs per group: 80    
 Number of instruments = 14                       Max obs per group: 80    
 Number of groups = 75                            Avg obs per group: 80.00 
+----------------------------+------------+---------------------+------------+-----------+-----+
|       Int_Rate_Mort        |   coef.    | Corrected Std. Err. |     z      |   P>|z|   |     |
+----------------------------+------------+---------------------+------------+-----------+-----+
|      L1.Int_Rate_Mort      | 0.8304131  |      0.0224239      | 37.0325661 | 0.0000000 | *** |
|           Zakred           | -0.0126196 |      0.0052232      | -2.4160536 | 0.0156897 |  *  |
|          CPI_reg           | -0.0437996 |      0.0077871      | -5.6246331 | 0.0000000 | *** |
|       Cap_to_assets        | 0.5422191  |      0.0477393      | 11.3579243 | 0.0000000 | *** |
|         Mon_Shock          | 0.0770481  |      0.0126307      | 6.1000866  | 0.0000000 | *** |
| Mon_Shock_Cluster_new_cd_1 | 0.0075516  |      0.0178089      | 0.4240366  | 0.6715391 |     |
| Mon_Shock_Cluster_new_cd_3 | -0.0173722 |      0.0310781      | -0.5589842 | 0.5761725 |     |
| Mon_Shock_Cluster_new_cd_4 | 0.0670693  |      0.0500844      | 1.3391248  | 0.1805300 |     |
|     Mortgage_MaP_Fact      | -0.1563082 |      0.0282292      | -5.5371041 | 0.0000000 | *** |
| Mortgage_MaP_Announcement  | -0.1480174 |      0.0293245      | -5.0475634 | 0.0000004 | *** |
+----------------------------+------------+---------------------+------------+-----------+-----+
Hansen test of overid. restrictions: chi(4) = 35.309 Prob > Chi2 = 0.000
Arellano-Bond test for AR(1) in first differences: z = -7.51 Pr > z =0.000
Arellano-Bond test for AR(2) in first differences: z = -5.35 Pr > z =0.000

