Warning: system and difference GMMs do not work well on long (T>=N) panel data
 Dynamic panel-data estimation, two-step difference GMM
 Group variable: Region                           Number of obs = 6000     
 Time variable: Date                              Min obs per group: 80    
 Number of instruments = 13                       Max obs per group: 80    
 Number of groups = 75                            Avg obs per group: 80.00 
+----------------------------+------------+---------------------+------------+-----------+-----+
|       Int_Rate_Mort        |   coef.    | Corrected Std. Err. |     z      |   P>|z|   |     |
+----------------------------+------------+---------------------+------------+-----------+-----+
|      L1.Int_Rate_Mort      | 0.8260650  |      0.0230542      | 35.8313974 | 0.0000000 | *** |
|           Zakred           | -0.0092703 |      0.0052832      | -1.7546815 | 0.0793138 |     |
|          CPI_reg           | -0.0386666 |      0.0072974      | -5.2986728 | 0.0000001 | *** |
|       Cap_to_assets        | 0.5669241  |      0.0457303      | 12.3971239 | 0.0000000 | *** |
|         Mon_Shock          | 0.0720252  |      0.0127036      | 5.6696771  | 0.0000000 | *** |
| Mon_Shock_Cluster_new_cd_1 | 0.0066736  |      0.0179027      | 0.3727704  | 0.7093193 |     |
| Mon_Shock_Cluster_new_cd_3 | -0.0168608 |      0.0318590      | -0.5292316 | 0.5966448 |     |
| Mon_Shock_Cluster_new_cd_4 | 0.0652321  |      0.0488974      | 1.3340615  | 0.1821837 |     |
| Mortgage_MaP_Announcement  | -0.1496653 |      0.0296236      | -5.0522385 | 0.0000004 | *** |
+----------------------------+------------+---------------------+------------+-----------+-----+
Hansen test of overid. restrictions: chi(4) = 36.654 Prob > Chi2 = 0.000
Arellano-Bond test for AR(1) in first differences: z = -7.55 Pr > z =0.000
Arellano-Bond test for AR(2) in first differences: z = -4.93 Pr > z =0.000

